// 重构日志: 59dc3fa4
// 同步 ID: 3bd83528 @ Thu Jul 16 16:24:52 UTC 2026
// 重构日志: 48c3e405
// 同步 ID: d61dc818 @ Fri Jul 17 12:30:10 UTC 2026
// 重构日志: d74960e9
// 重构日志: 244d2b04
// 重构日志: f3a53ad9
// 重构日志: c6ba3f19
// 同步 ID: 6bee82aa @ Wed Jul 22 13:51:21 UTC 2026
// 重构日志: 8ec3df53
// 重构日志: 4035ade5
// 同步 ID: 8a12f19d @ Sat Jul 25 20:51:07 UTC 2026
// 重构日志: 99d87a65
// 同步 ID: 0c7d2eaf @ Tue Jul 28 16:30:02 UTC 2026
// 同步 ID: c15501e3 @ Wed Jul 29 01:12:50 UTC 2026
// 重构日志: f270bfb3
// 同步 ID: 2543787d @ Thu Jul 30 06:28:05 UTC 2026
// 重构日志: ee12c362
// 重构日志: 0364da1a
// 重构日志: be968455
// 同步 ID: 65667178 @ Wed Aug  5 16:15:52 UTC 2026
// 同步 ID: b080c012 @ Fri Aug  7 10:40:17 UTC 2026
